2026-06-28 19:23:15 | INFO     | __main__:log_startup_banner:45 | ==========================================
2026-06-28 19:23:15 | INFO     | __main__:log_startup_banner:46 | 🚀 GoldX Enterprise Bot starting
2026-06-28 19:23:15 | INFO     | __main__:log_startup_banner:47 | Started at: 2026-06-28 19:23:15.390935
2026-06-28 19:23:15 | INFO     | __main__:log_startup_banner:48 | Environment: development
2026-06-28 19:23:15 | INFO     | __main__:log_startup_banner:49 | Bot Mode: DEMO
2026-06-28 19:23:15 | INFO     | __main__:log_startup_banner:50 | Live Trading Enabled: False
2026-06-28 19:23:15 | INFO     | __main__:log_startup_banner:51 | Timeframe: M15
2026-06-28 19:23:15 | INFO     | __main__:log_startup_banner:52 | Candles Count: 300
2026-06-28 19:23:15 | INFO     | __main__:log_startup_banner:53 | Risk Per Trade: 0.5%
2026-06-28 19:23:15 | INFO     | __main__:log_startup_banner:54 | Max Daily Loss: 2.0%
2026-06-28 19:23:15 | INFO     | __main__:log_startup_banner:55 | Max Spread Points: 50
2026-06-28 19:23:15 | INFO     | __main__:log_startup_banner:56 | ==========================================
2026-06-28 19:23:15 | SUCCESS  | __main__:initialize_mt5:40 | MT5 initialized successfully.
2026-06-28 19:23:15 | INFO     | __main__:print_terminal_info:66 | ========== TERMINAL INFO ==========
2026-06-28 19:23:15 | INFO     | __main__:print_terminal_info:67 | Connected: True
2026-06-28 19:23:15 | INFO     | __main__:print_terminal_info:68 | Trade Allowed: False
2026-06-28 19:23:15 | INFO     | __main__:print_terminal_info:69 | Company: MetaQuotes Ltd.
2026-06-28 19:23:15 | INFO     | __main__:print_terminal_info:70 | Name: MetaTrader 5
2026-06-28 19:23:15 | INFO     | __main__:print_terminal_info:71 | Path: C:\Program Files\MetaTrader 5
2026-06-28 19:23:15 | INFO     | __main__:print_account_info:81 | ========== ACCOUNT INFO ==========
2026-06-28 19:23:15 | INFO     | __main__:print_account_info:82 | Login: 108951586
2026-06-28 19:23:15 | INFO     | __main__:print_account_info:83 | Server: MetaQuotes-Demo
2026-06-28 19:23:15 | INFO     | __main__:print_account_info:84 | Currency: USD
2026-06-28 19:23:15 | INFO     | __main__:print_account_info:85 | Balance: 100000.0
2026-06-28 19:23:15 | INFO     | __main__:print_account_info:86 | Equity: 100000.0
2026-06-28 19:23:15 | INFO     | __main__:print_account_info:87 | Margin Free: 100000.0
2026-06-28 19:23:15 | INFO     | __main__:print_account_info:88 | Leverage: 1:100
2026-06-28 19:23:15 | SUCCESS  | __main__:run_health_check:190 | Gold symbol detected: XAUUSD
2026-06-28 19:23:15 | INFO     | __main__:print_symbol_info:132 | ========== GOLD SYMBOL INFO ==========
2026-06-28 19:23:15 | INFO     | __main__:print_symbol_info:133 | Symbol: XAUUSD
2026-06-28 19:23:15 | INFO     | __main__:print_symbol_info:134 | Description: Gold vs US Dollar
2026-06-28 19:23:15 | INFO     | __main__:print_symbol_info:135 | Visible: True
2026-06-28 19:23:15 | INFO     | __main__:print_symbol_info:136 | Bid: 4071.69
2026-06-28 19:23:15 | INFO     | __main__:print_symbol_info:137 | Ask: 4071.84
2026-06-28 19:23:15 | INFO     | __main__:print_symbol_info:138 | Spread Points: 15
2026-06-28 19:23:15 | INFO     | __main__:print_symbol_info:139 | Point: 0.01
2026-06-28 19:23:15 | INFO     | __main__:print_symbol_info:140 | Digits: 2
2026-06-28 19:23:15 | INFO     | __main__:print_symbol_info:141 | Min Lot: 0.01
2026-06-28 19:23:15 | INFO     | __main__:print_symbol_info:142 | Max Lot: 100.0
2026-06-28 19:23:15 | INFO     | __main__:print_symbol_info:143 | Lot Step: 0.01
2026-06-28 19:23:15 | INFO     | __main__:print_symbol_info:144 | Trade Mode: 4
2026-06-28 19:23:15 | INFO     | __main__:fetch_latest_candles:168 | ========== LATEST M15 CANDLES ==========
2026-06-28 19:23:15 | INFO     | __main__:fetch_latest_candles:169 | 
                 time     open     high      low    close  tick_volume
0 2026-06-26 20:30:00  4081.51  4083.36  4074.17  4076.75         4868
1 2026-06-26 20:45:00  4076.75  4077.83  4073.66  4074.75         4446
2 2026-06-26 21:00:00  4074.75  4078.85  4072.35  4076.80         5310
3 2026-06-26 21:15:00  4076.80  4076.99  4071.49  4073.56         4926
4 2026-06-26 21:30:00  4073.56  4075.49  4071.81  4072.66         4480
5 2026-06-26 21:45:00  4072.66  4072.66  4067.11  4067.35         5197
6 2026-06-26 22:00:00  4067.35  4070.05  4064.58  4069.51         6671
7 2026-06-26 22:15:00  4069.43  4069.66  4064.50  4066.38         6583
8 2026-06-26 22:30:00  4066.43  4070.82  4065.79  4068.66         5876
9 2026-06-26 22:45:00  4068.66  4074.66  4067.00  4071.69         5704
2026-06-28 19:23:15 | SUCCESS  | __main__:run_health_check:195 | Phase 1 Step 1.2 completed successfully.
2026-06-28 19:23:15 | INFO     | __main__:run_health_check:196 | No trade was placed. This was only a safe config/logger test.
2026-06-28 19:23:15 | INFO     | __main__:run_health_check:201 | MT5 connection closed safely.
2026-06-28 19:24:06 | INFO     | __main__:log_startup_banner:45 | ==========================================
2026-06-28 19:24:06 | INFO     | __main__:log_startup_banner:46 | 🚀 GoldX Enterprise Bot starting
2026-06-28 19:24:06 | INFO     | __main__:log_startup_banner:47 | Started at: 2026-06-28 19:24:06.041679
2026-06-28 19:24:06 | INFO     | __main__:log_startup_banner:48 | Environment: development
2026-06-28 19:24:06 | INFO     | __main__:log_startup_banner:49 | Bot Mode: DEMO
2026-06-28 19:24:06 | INFO     | __main__:log_startup_banner:50 | Live Trading Enabled: False
2026-06-28 19:24:06 | INFO     | __main__:log_startup_banner:51 | Timeframe: M15
2026-06-28 19:24:06 | INFO     | __main__:log_startup_banner:52 | Candles Count: 300
2026-06-28 19:24:06 | INFO     | __main__:log_startup_banner:53 | Risk Per Trade: 0.5%
2026-06-28 19:24:06 | INFO     | __main__:log_startup_banner:54 | Max Daily Loss: 2.0%
2026-06-28 19:24:06 | INFO     | __main__:log_startup_banner:55 | Max Spread Points: 50
2026-06-28 19:24:06 | INFO     | __main__:log_startup_banner:56 | ==========================================
2026-06-28 19:24:06 | SUCCESS  | __main__:initialize_mt5:40 | MT5 initialized successfully.
2026-06-28 19:24:06 | INFO     | __main__:print_terminal_info:66 | ========== TERMINAL INFO ==========
2026-06-28 19:24:06 | INFO     | __main__:print_terminal_info:67 | Connected: True
2026-06-28 19:24:06 | INFO     | __main__:print_terminal_info:68 | Trade Allowed: False
2026-06-28 19:24:06 | INFO     | __main__:print_terminal_info:69 | Company: MetaQuotes Ltd.
2026-06-28 19:24:06 | INFO     | __main__:print_terminal_info:70 | Name: MetaTrader 5
2026-06-28 19:24:06 | INFO     | __main__:print_terminal_info:71 | Path: C:\Program Files\MetaTrader 5
2026-06-28 19:24:06 | INFO     | __main__:print_account_info:81 | ========== ACCOUNT INFO ==========
2026-06-28 19:24:06 | INFO     | __main__:print_account_info:82 | Login: 108951586
2026-06-28 19:24:06 | INFO     | __main__:print_account_info:83 | Server: MetaQuotes-Demo
2026-06-28 19:24:06 | INFO     | __main__:print_account_info:84 | Currency: USD
2026-06-28 19:24:06 | INFO     | __main__:print_account_info:85 | Balance: 100000.0
2026-06-28 19:24:06 | INFO     | __main__:print_account_info:86 | Equity: 100000.0
2026-06-28 19:24:06 | INFO     | __main__:print_account_info:87 | Margin Free: 100000.0
2026-06-28 19:24:06 | INFO     | __main__:print_account_info:88 | Leverage: 1:100
2026-06-28 19:24:06 | SUCCESS  | __main__:run_health_check:190 | Gold symbol detected: XAUUSD
2026-06-28 19:24:06 | INFO     | __main__:print_symbol_info:132 | ========== GOLD SYMBOL INFO ==========
2026-06-28 19:24:06 | INFO     | __main__:print_symbol_info:133 | Symbol: XAUUSD
2026-06-28 19:24:06 | INFO     | __main__:print_symbol_info:134 | Description: Gold vs US Dollar
2026-06-28 19:24:06 | INFO     | __main__:print_symbol_info:135 | Visible: True
2026-06-28 19:24:06 | INFO     | __main__:print_symbol_info:136 | Bid: 4071.69
2026-06-28 19:24:06 | INFO     | __main__:print_symbol_info:137 | Ask: 4071.84
2026-06-28 19:24:06 | INFO     | __main__:print_symbol_info:138 | Spread Points: 15
2026-06-28 19:24:06 | INFO     | __main__:print_symbol_info:139 | Point: 0.01
2026-06-28 19:24:06 | INFO     | __main__:print_symbol_info:140 | Digits: 2
2026-06-28 19:24:06 | INFO     | __main__:print_symbol_info:141 | Min Lot: 0.01
2026-06-28 19:24:06 | INFO     | __main__:print_symbol_info:142 | Max Lot: 100.0
2026-06-28 19:24:06 | INFO     | __main__:print_symbol_info:143 | Lot Step: 0.01
2026-06-28 19:24:06 | INFO     | __main__:print_symbol_info:144 | Trade Mode: 4
2026-06-28 19:24:06 | INFO     | __main__:fetch_latest_candles:168 | ========== LATEST M15 CANDLES ==========
2026-06-28 19:24:06 | INFO     | __main__:fetch_latest_candles:169 | 
                 time     open     high      low    close  tick_volume
0 2026-06-26 20:30:00  4081.51  4083.36  4074.17  4076.75         4868
1 2026-06-26 20:45:00  4076.75  4077.83  4073.66  4074.75         4446
2 2026-06-26 21:00:00  4074.75  4078.85  4072.35  4076.80         5310
3 2026-06-26 21:15:00  4076.80  4076.99  4071.49  4073.56         4926
4 2026-06-26 21:30:00  4073.56  4075.49  4071.81  4072.66         4480
5 2026-06-26 21:45:00  4072.66  4072.66  4067.11  4067.35         5197
6 2026-06-26 22:00:00  4067.35  4070.05  4064.58  4069.51         6671
7 2026-06-26 22:15:00  4069.43  4069.66  4064.50  4066.38         6583
8 2026-06-26 22:30:00  4066.43  4070.82  4065.79  4068.66         5876
9 2026-06-26 22:45:00  4068.66  4074.66  4067.00  4071.69         5704
2026-06-28 19:24:06 | SUCCESS  | __main__:run_health_check:195 | Phase 1 Step 1.2 completed successfully.
2026-06-28 19:24:06 | INFO     | __main__:run_health_check:196 | No trade was placed. This was only a safe config/logger test.
2026-06-28 19:24:06 | INFO     | __main__:run_health_check:201 | MT5 connection closed safely.
2026-06-28 19:39:32 | INFO     | __main__:log_startup_banner:45 | ==========================================
2026-06-28 19:39:32 | INFO     | __main__:log_startup_banner:46 | 🚀 GoldX Enterprise Bot starting
2026-06-28 19:39:32 | INFO     | __main__:log_startup_banner:47 | Started at: 2026-06-28 19:39:32.341964
2026-06-28 19:39:32 | INFO     | __main__:log_startup_banner:48 | Environment: development
2026-06-28 19:39:32 | INFO     | __main__:log_startup_banner:49 | Bot Mode: DEMO
2026-06-28 19:39:32 | INFO     | __main__:log_startup_banner:50 | Live Trading Enabled: False
2026-06-28 19:39:32 | INFO     | __main__:log_startup_banner:51 | Timeframe: M15
2026-06-28 19:39:32 | INFO     | __main__:log_startup_banner:52 | Candles Count: 300
2026-06-28 19:39:32 | INFO     | __main__:log_startup_banner:53 | Risk Per Trade: 0.5%
2026-06-28 19:39:32 | INFO     | __main__:log_startup_banner:54 | Max Daily Loss: 2.0%
2026-06-28 19:39:32 | INFO     | __main__:log_startup_banner:55 | Max Spread Points: 50
2026-06-28 19:39:32 | INFO     | __main__:log_startup_banner:56 | ==========================================
2026-06-28 19:39:32 | SUCCESS  | __main__:initialize_mt5:40 | MT5 initialized successfully.
2026-06-28 19:39:32 | INFO     | __main__:print_terminal_info:66 | ========== TERMINAL INFO ==========
2026-06-28 19:39:32 | INFO     | __main__:print_terminal_info:67 | Connected: True
2026-06-28 19:39:32 | INFO     | __main__:print_terminal_info:68 | Trade Allowed: False
2026-06-28 19:39:32 | INFO     | __main__:print_terminal_info:69 | Company: MetaQuotes Ltd.
2026-06-28 19:39:32 | INFO     | __main__:print_terminal_info:70 | Name: MetaTrader 5
2026-06-28 19:39:32 | INFO     | __main__:print_terminal_info:71 | Path: C:\Program Files\MetaTrader 5
2026-06-28 19:39:32 | INFO     | __main__:print_account_info:81 | ========== ACCOUNT INFO ==========
2026-06-28 19:39:32 | INFO     | __main__:print_account_info:82 | Login: 108951586
2026-06-28 19:39:32 | INFO     | __main__:print_account_info:83 | Server: MetaQuotes-Demo
2026-06-28 19:39:32 | INFO     | __main__:print_account_info:84 | Currency: USD
2026-06-28 19:39:32 | INFO     | __main__:print_account_info:85 | Balance: 100000.0
2026-06-28 19:39:32 | INFO     | __main__:print_account_info:86 | Equity: 100000.0
2026-06-28 19:39:32 | INFO     | __main__:print_account_info:87 | Margin Free: 100000.0
2026-06-28 19:39:32 | INFO     | __main__:print_account_info:88 | Leverage: 1:100
2026-06-28 19:39:32 | SUCCESS  | __main__:run_health_check:190 | Gold symbol detected: XAUUSD
2026-06-28 19:39:32 | INFO     | __main__:print_symbol_info:132 | ========== GOLD SYMBOL INFO ==========
2026-06-28 19:39:32 | INFO     | __main__:print_symbol_info:133 | Symbol: XAUUSD
2026-06-28 19:39:32 | INFO     | __main__:print_symbol_info:134 | Description: Gold vs US Dollar
2026-06-28 19:39:32 | INFO     | __main__:print_symbol_info:135 | Visible: True
2026-06-28 19:39:32 | INFO     | __main__:print_symbol_info:136 | Bid: 4071.69
2026-06-28 19:39:32 | INFO     | __main__:print_symbol_info:137 | Ask: 4071.84
2026-06-28 19:39:32 | INFO     | __main__:print_symbol_info:138 | Spread Points: 15
2026-06-28 19:39:32 | INFO     | __main__:print_symbol_info:139 | Point: 0.01
2026-06-28 19:39:32 | INFO     | __main__:print_symbol_info:140 | Digits: 2
2026-06-28 19:39:32 | INFO     | __main__:print_symbol_info:141 | Min Lot: 0.01
2026-06-28 19:39:32 | INFO     | __main__:print_symbol_info:142 | Max Lot: 100.0
2026-06-28 19:39:32 | INFO     | __main__:print_symbol_info:143 | Lot Step: 0.01
2026-06-28 19:39:32 | INFO     | __main__:print_symbol_info:144 | Trade Mode: 4
2026-06-28 19:39:32 | INFO     | __main__:fetch_latest_candles:168 | ========== LATEST M15 CANDLES ==========
2026-06-28 19:39:32 | INFO     | __main__:fetch_latest_candles:169 | 
                 time     open     high      low    close  tick_volume
0 2026-06-26 20:30:00  4081.51  4083.36  4074.17  4076.75         4868
1 2026-06-26 20:45:00  4076.75  4077.83  4073.66  4074.75         4446
2 2026-06-26 21:00:00  4074.75  4078.85  4072.35  4076.80         5310
3 2026-06-26 21:15:00  4076.80  4076.99  4071.49  4073.56         4926
4 2026-06-26 21:30:00  4073.56  4075.49  4071.81  4072.66         4480
5 2026-06-26 21:45:00  4072.66  4072.66  4067.11  4067.35         5197
6 2026-06-26 22:00:00  4067.35  4070.05  4064.58  4069.51         6671
7 2026-06-26 22:15:00  4069.43  4069.66  4064.50  4066.38         6583
8 2026-06-26 22:30:00  4066.43  4070.82  4065.79  4068.66         5876
9 2026-06-26 22:45:00  4068.66  4074.66  4067.00  4071.69         5704
2026-06-28 19:39:32 | SUCCESS  | __main__:run_health_check:195 | Phase 1 Step 1.2 completed successfully.
2026-06-28 19:39:32 | INFO     | __main__:run_health_check:196 | No trade was placed. This was only a safe config/logger test.
2026-06-28 19:39:32 | INFO     | __main__:run_health_check:201 | MT5 connection closed safely.
2026-06-28 19:43:08 | INFO     | __main__:log_startup_banner:18 | ==========================================
2026-06-28 19:43:08 | INFO     | __main__:log_startup_banner:19 | 🚀 GoldX Enterprise Bot starting
2026-06-28 19:43:08 | INFO     | __main__:log_startup_banner:20 | Started at: 2026-06-28 19:43:08.125044
2026-06-28 19:43:08 | INFO     | __main__:log_startup_banner:21 | Environment: development
2026-06-28 19:43:08 | INFO     | __main__:log_startup_banner:22 | Bot Mode: DEMO
2026-06-28 19:43:08 | INFO     | __main__:log_startup_banner:23 | Live Trading Enabled: False
2026-06-28 19:43:08 | INFO     | __main__:log_startup_banner:24 | Timeframe: M15
2026-06-28 19:43:08 | INFO     | __main__:log_startup_banner:25 | Candles Count: 300
2026-06-28 19:43:08 | INFO     | __main__:log_startup_banner:26 | Risk Per Trade: 0.5%
2026-06-28 19:43:08 | INFO     | __main__:log_startup_banner:27 | Max Daily Loss: 2.0%
2026-06-28 19:43:08 | INFO     | __main__:log_startup_banner:28 | Max Spread Points: 50
2026-06-28 19:43:08 | INFO     | __main__:log_startup_banner:29 | ==========================================
2026-06-28 19:43:08 | SUCCESS  | app.broker.mt5_client:initialize:35 | MT5 initialized successfully.
2026-06-28 19:43:08 | INFO     | app.broker.account_service:log_terminal_info:32 | ========== TERMINAL INFO ==========
2026-06-28 19:43:08 | INFO     | app.broker.account_service:log_terminal_info:33 | Connected: True
2026-06-28 19:43:08 | INFO     | app.broker.account_service:log_terminal_info:34 | Trade Allowed: False
2026-06-28 19:43:08 | INFO     | app.broker.account_service:log_terminal_info:35 | Company: MetaQuotes Ltd.
2026-06-28 19:43:08 | INFO     | app.broker.account_service:log_terminal_info:36 | Name: MetaTrader 5
2026-06-28 19:43:08 | INFO     | app.broker.account_service:log_terminal_info:37 | Path: C:\Program Files\MetaTrader 5
2026-06-28 19:43:08 | INFO     | app.broker.account_service:log_account_info:45 | ========== ACCOUNT INFO ==========
2026-06-28 19:43:08 | INFO     | app.broker.account_service:log_account_info:46 | Login: 108951586
2026-06-28 19:43:08 | INFO     | app.broker.account_service:log_account_info:47 | Server: MetaQuotes-Demo
2026-06-28 19:43:08 | INFO     | app.broker.account_service:log_account_info:48 | Currency: USD
2026-06-28 19:43:08 | INFO     | app.broker.account_service:log_account_info:49 | Balance: 100000.0
2026-06-28 19:43:08 | INFO     | app.broker.account_service:log_account_info:50 | Equity: 100000.0
2026-06-28 19:43:08 | INFO     | app.broker.account_service:log_account_info:51 | Margin Free: 100000.0
2026-06-28 19:43:08 | INFO     | app.broker.account_service:log_account_info:52 | Leverage: 1:100
2026-06-28 19:43:08 | INFO     | app.broker.account_service:log_account_info:53 | Account Trade Allowed: True
2026-06-28 19:43:08 | INFO     | app.broker.account_service:log_account_info:54 | Expert Trading Allowed: True
2026-06-28 19:43:08 | INFO     | app.broker.account_service:log_account_info:55 | Trade Mode: 0
2026-06-28 19:43:08 | SUCCESS  | app.broker.symbol_service:find_gold_symbol:31 | Gold symbol detected from config: XAUUSD
2026-06-28 19:43:08 | INFO     | app.broker.symbol_service:log_symbol_info:67 | ========== GOLD SYMBOL INFO ==========
2026-06-28 19:43:08 | INFO     | app.broker.symbol_service:log_symbol_info:68 | Symbol: XAUUSD
2026-06-28 19:43:08 | INFO     | app.broker.symbol_service:log_symbol_info:69 | Description: Gold vs US Dollar
2026-06-28 19:43:08 | INFO     | app.broker.symbol_service:log_symbol_info:70 | Visible: True
2026-06-28 19:43:08 | INFO     | app.broker.symbol_service:log_symbol_info:71 | Bid: 4071.69
2026-06-28 19:43:08 | INFO     | app.broker.symbol_service:log_symbol_info:72 | Ask: 4071.84
2026-06-28 19:43:08 | INFO     | app.broker.symbol_service:log_symbol_info:73 | Spread Points: 15
2026-06-28 19:43:08 | INFO     | app.broker.symbol_service:log_symbol_info:74 | Max Allowed Spread Points: 50
2026-06-28 19:43:08 | INFO     | app.broker.symbol_service:log_symbol_info:75 | Point: 0.01
2026-06-28 19:43:08 | INFO     | app.broker.symbol_service:log_symbol_info:76 | Digits: 2
2026-06-28 19:43:08 | INFO     | app.broker.symbol_service:log_symbol_info:77 | Min Lot: 0.01
2026-06-28 19:43:08 | INFO     | app.broker.symbol_service:log_symbol_info:78 | Max Lot: 100.0
2026-06-28 19:43:08 | INFO     | app.broker.symbol_service:log_symbol_info:79 | Lot Step: 0.01
2026-06-28 19:43:08 | INFO     | app.broker.symbol_service:log_symbol_info:80 | Trade Mode: 4
2026-06-28 19:43:08 | INFO     | app.safety.trading_permission_guard:log_report:138 | ========== TRADING PERMISSION DIAGNOSTICS ==========
2026-06-28 19:43:08 | INFO     | app.safety.trading_permission_guard:log_report:139 | Terminal Connected: True
2026-06-28 19:43:08 | INFO     | app.safety.trading_permission_guard:log_report:140 | Terminal Trade Allowed: False
2026-06-28 19:43:08 | INFO     | app.safety.trading_permission_guard:log_report:141 | Account Trade Allowed: True
2026-06-28 19:43:08 | INFO     | app.safety.trading_permission_guard:log_report:142 | Account Expert Allowed: True
2026-06-28 19:43:08 | INFO     | app.safety.trading_permission_guard:log_report:143 | Symbol Trade Mode: 4 (FULL)
2026-06-28 19:43:08 | INFO     | app.safety.trading_permission_guard:log_report:148 | Spread OK: True
2026-06-28 19:43:08 | INFO     | app.safety.trading_permission_guard:log_report:149 | Live Mode Blocked: False
2026-06-28 19:43:08 | INFO     | app.safety.trading_permission_guard:log_report:150 | Safe For Future Order: False
2026-06-28 19:43:08 | WARNING  | app.safety.trading_permission_guard:log_report:153 | Safety reasons:
2026-06-28 19:43:08 | WARNING  | app.safety.trading_permission_guard:log_report:155 | - MT5 terminal trading is disabled. Enable Algo Trading / automated trading in MT5 when execution phase starts.
2026-06-28 19:43:08 | WARNING  | __main__:run_health_check:63 | Future order execution is currently blocked by safety diagnostics.
2026-06-28 19:43:08 | WARNING  | __main__:run_health_check:66 | This is OK in Phase 1 because we are not placing trades yet.
2026-06-28 19:43:08 | INFO     | app.market.market_data_service:log_latest_candles:66 | ========== LATEST M15 CANDLES ==========
2026-06-28 19:43:08 | INFO     | app.market.market_data_service:log_latest_candles:70 | 
                 time     open     high      low    close  tick_volume
0 2026-06-26 20:30:00  4081.51  4083.36  4074.17  4076.75         4868
1 2026-06-26 20:45:00  4076.75  4077.83  4073.66  4074.75         4446
2 2026-06-26 21:00:00  4074.75  4078.85  4072.35  4076.80         5310
3 2026-06-26 21:15:00  4076.80  4076.99  4071.49  4073.56         4926
4 2026-06-26 21:30:00  4073.56  4075.49  4071.81  4072.66         4480
5 2026-06-26 21:45:00  4072.66  4072.66  4067.11  4067.35         5197
6 2026-06-26 22:00:00  4067.35  4070.05  4064.58  4069.51         6671
7 2026-06-26 22:15:00  4069.43  4069.66  4064.50  4066.38         6583
8 2026-06-26 22:30:00  4066.43  4070.82  4065.79  4068.66         5876
9 2026-06-26 22:45:00  4068.66  4074.66  4067.00  4071.69         5704
2026-06-28 19:43:08 | SUCCESS  | __main__:run_health_check:80 | Phase 1 Step 1.4 completed successfully.
2026-06-28 19:43:08 | INFO     | __main__:run_health_check:81 | No trade was placed. This was only a safety diagnostic test.
2026-06-28 19:43:08 | INFO     | app.broker.mt5_client:shutdown:42 | MT5 connection closed safely.
2026-06-28 19:47:52 | INFO     | __main__:log_startup_banner:18 | ==========================================
2026-06-28 19:47:52 | INFO     | __main__:log_startup_banner:19 | 🚀 GoldX Enterprise Bot starting
2026-06-28 19:47:52 | INFO     | __main__:log_startup_banner:20 | Started at: 2026-06-28 19:47:52.446869
2026-06-28 19:47:52 | INFO     | __main__:log_startup_banner:21 | Environment: development
2026-06-28 19:47:52 | INFO     | __main__:log_startup_banner:22 | Bot Mode: DEMO
2026-06-28 19:47:52 | INFO     | __main__:log_startup_banner:23 | Live Trading Enabled: False
2026-06-28 19:47:52 | INFO     | __main__:log_startup_banner:24 | Timeframe: M15
2026-06-28 19:47:52 | INFO     | __main__:log_startup_banner:25 | Candles Count: 300
2026-06-28 19:47:52 | INFO     | __main__:log_startup_banner:26 | Risk Per Trade: 0.5%
2026-06-28 19:47:52 | INFO     | __main__:log_startup_banner:27 | Max Daily Loss: 2.0%
2026-06-28 19:47:52 | INFO     | __main__:log_startup_banner:28 | Max Spread Points: 50
2026-06-28 19:47:52 | INFO     | __main__:log_startup_banner:29 | ==========================================
2026-06-28 19:47:52 | SUCCESS  | app.broker.mt5_client:initialize:35 | MT5 initialized successfully.
2026-06-28 19:47:52 | INFO     | app.broker.account_service:log_terminal_info:32 | ========== TERMINAL INFO ==========
2026-06-28 19:47:52 | INFO     | app.broker.account_service:log_terminal_info:33 | Connected: True
2026-06-28 19:47:52 | INFO     | app.broker.account_service:log_terminal_info:34 | Trade Allowed: False
2026-06-28 19:47:52 | INFO     | app.broker.account_service:log_terminal_info:35 | Company: MetaQuotes Ltd.
2026-06-28 19:47:52 | INFO     | app.broker.account_service:log_terminal_info:36 | Name: MetaTrader 5
2026-06-28 19:47:52 | INFO     | app.broker.account_service:log_terminal_info:37 | Path: C:\Program Files\MetaTrader 5
2026-06-28 19:47:52 | INFO     | app.broker.account_service:log_account_info:45 | ========== ACCOUNT INFO ==========
2026-06-28 19:47:52 | INFO     | app.broker.account_service:log_account_info:46 | Login: 108951586
2026-06-28 19:47:52 | INFO     | app.broker.account_service:log_account_info:47 | Server: MetaQuotes-Demo
2026-06-28 19:47:52 | INFO     | app.broker.account_service:log_account_info:48 | Currency: USD
2026-06-28 19:47:52 | INFO     | app.broker.account_service:log_account_info:49 | Balance: 100000.0
2026-06-28 19:47:52 | INFO     | app.broker.account_service:log_account_info:50 | Equity: 100000.0
2026-06-28 19:47:52 | INFO     | app.broker.account_service:log_account_info:51 | Margin Free: 100000.0
2026-06-28 19:47:52 | INFO     | app.broker.account_service:log_account_info:52 | Leverage: 1:100
2026-06-28 19:47:52 | INFO     | app.broker.account_service:log_account_info:53 | Account Trade Allowed: True
2026-06-28 19:47:52 | INFO     | app.broker.account_service:log_account_info:54 | Expert Trading Allowed: True
2026-06-28 19:47:52 | INFO     | app.broker.account_service:log_account_info:55 | Trade Mode: 0
2026-06-28 19:47:52 | SUCCESS  | app.broker.symbol_service:find_gold_symbol:31 | Gold symbol detected from config: XAUUSD
2026-06-28 19:47:52 | INFO     | app.broker.symbol_service:log_symbol_info:67 | ========== GOLD SYMBOL INFO ==========
2026-06-28 19:47:52 | INFO     | app.broker.symbol_service:log_symbol_info:68 | Symbol: XAUUSD
2026-06-28 19:47:52 | INFO     | app.broker.symbol_service:log_symbol_info:69 | Description: Gold vs US Dollar
2026-06-28 19:47:52 | INFO     | app.broker.symbol_service:log_symbol_info:70 | Visible: True
2026-06-28 19:47:52 | INFO     | app.broker.symbol_service:log_symbol_info:71 | Bid: 4071.69
2026-06-28 19:47:52 | INFO     | app.broker.symbol_service:log_symbol_info:72 | Ask: 4071.84
2026-06-28 19:47:52 | INFO     | app.broker.symbol_service:log_symbol_info:73 | Spread Points: 15
2026-06-28 19:47:52 | INFO     | app.broker.symbol_service:log_symbol_info:74 | Max Allowed Spread Points: 50
2026-06-28 19:47:52 | INFO     | app.broker.symbol_service:log_symbol_info:75 | Point: 0.01
2026-06-28 19:47:52 | INFO     | app.broker.symbol_service:log_symbol_info:76 | Digits: 2
2026-06-28 19:47:52 | INFO     | app.broker.symbol_service:log_symbol_info:77 | Min Lot: 0.01
2026-06-28 19:47:52 | INFO     | app.broker.symbol_service:log_symbol_info:78 | Max Lot: 100.0
2026-06-28 19:47:52 | INFO     | app.broker.symbol_service:log_symbol_info:79 | Lot Step: 0.01
2026-06-28 19:47:52 | INFO     | app.broker.symbol_service:log_symbol_info:80 | Trade Mode: 4
2026-06-28 19:47:52 | INFO     | app.safety.trading_permission_guard:log_report:138 | ========== TRADING PERMISSION DIAGNOSTICS ==========
2026-06-28 19:47:52 | INFO     | app.safety.trading_permission_guard:log_report:139 | Terminal Connected: True
2026-06-28 19:47:52 | INFO     | app.safety.trading_permission_guard:log_report:140 | Terminal Trade Allowed: False
2026-06-28 19:47:52 | INFO     | app.safety.trading_permission_guard:log_report:141 | Account Trade Allowed: True
2026-06-28 19:47:52 | INFO     | app.safety.trading_permission_guard:log_report:142 | Account Expert Allowed: True
2026-06-28 19:47:52 | INFO     | app.safety.trading_permission_guard:log_report:143 | Symbol Trade Mode: 4 (FULL)
2026-06-28 19:47:52 | INFO     | app.safety.trading_permission_guard:log_report:148 | Spread OK: True
2026-06-28 19:47:52 | INFO     | app.safety.trading_permission_guard:log_report:149 | Live Mode Blocked: False
2026-06-28 19:47:52 | INFO     | app.safety.trading_permission_guard:log_report:150 | Safe For Future Order: False
2026-06-28 19:47:52 | WARNING  | app.safety.trading_permission_guard:log_report:153 | Safety reasons:
2026-06-28 19:47:52 | WARNING  | app.safety.trading_permission_guard:log_report:155 | - MT5 terminal trading is disabled. Enable Algo Trading / automated trading in MT5 when execution phase starts.
2026-06-28 19:47:52 | WARNING  | __main__:run_health_check:63 | Future order execution is currently blocked by safety diagnostics.
2026-06-28 19:47:52 | WARNING  | __main__:run_health_check:66 | This is OK in Phase 1 because we are not placing trades yet.
2026-06-28 19:47:52 | INFO     | app.market.market_data_validator:log_report:109 | ========== MARKET DATA VALIDATION ==========
2026-06-28 19:47:52 | INFO     | app.market.market_data_validator:log_report:110 | Candles Count: 10
2026-06-28 19:47:52 | INFO     | app.market.market_data_validator:log_report:111 | Is Valid: True
2026-06-28 19:47:52 | SUCCESS  | app.market.market_data_validator:log_report:118 | Market data validation passed.
2026-06-28 19:47:52 | INFO     | app.market.market_data_service:log_latest_candles:104 | ========== LATEST M15 CANDLES ==========
2026-06-28 19:47:52 | INFO     | app.market.market_data_service:log_latest_candles:108 | 
                 time     open     high      low    close  tick_volume
0 2026-06-26 20:30:00  4081.51  4083.36  4074.17  4076.75         4868
1 2026-06-26 20:45:00  4076.75  4077.83  4073.66  4074.75         4446
2 2026-06-26 21:00:00  4074.75  4078.85  4072.35  4076.80         5310
3 2026-06-26 21:15:00  4076.80  4076.99  4071.49  4073.56         4926
4 2026-06-26 21:30:00  4073.56  4075.49  4071.81  4072.66         4480
5 2026-06-26 21:45:00  4072.66  4072.66  4067.11  4067.35         5197
6 2026-06-26 22:00:00  4067.35  4070.05  4064.58  4069.51         6671
7 2026-06-26 22:15:00  4069.43  4069.66  4064.50  4066.38         6583
8 2026-06-26 22:30:00  4066.43  4070.82  4065.79  4068.66         5876
9 2026-06-26 22:45:00  4068.66  4074.66  4067.00  4071.69         5704
2026-06-28 19:47:52 | INFO     | app.market.market_data_service:log_latest_candles:115 | ========== LATEST VALIDATED CANDLE ==========
2026-06-28 19:47:52 | INFO     | app.market.market_data_service:log_latest_candles:116 | Time: 2026-06-26 22:45:00
2026-06-28 19:47:52 | INFO     | app.market.market_data_service:log_latest_candles:117 | Open: 4068.66
2026-06-28 19:47:52 | INFO     | app.market.market_data_service:log_latest_candles:118 | High: 4074.66
2026-06-28 19:47:52 | INFO     | app.market.market_data_service:log_latest_candles:119 | Low: 4067.0
2026-06-28 19:47:52 | INFO     | app.market.market_data_service:log_latest_candles:120 | Close: 4071.69
2026-06-28 19:47:52 | INFO     | app.market.market_data_service:log_latest_candles:121 | Bullish: True
2026-06-28 19:47:52 | INFO     | app.market.market_data_service:log_latest_candles:122 | Bearish: False
2026-06-28 19:47:52 | INFO     | app.market.market_data_service:log_latest_candles:123 | Body Size: 3.0300000000002
2026-06-28 19:47:52 | INFO     | app.market.market_data_service:log_latest_candles:124 | Full Range: 7.6599999999998545
2026-06-28 19:47:52 | SUCCESS  | __main__:run_health_check:80 | Phase 1 Step 1.4 completed successfully.
2026-06-28 19:47:52 | INFO     | __main__:run_health_check:81 | No trade was placed. This was only a safety diagnostic test.
2026-06-28 19:47:52 | INFO     | app.broker.mt5_client:shutdown:42 | MT5 connection closed safely.
